// Jest Snapshot v1, https://goo.gl/fbAQLP

exports[`Test for Button Component snapshot button component 1`] = `
<DocumentFragment>
  <div
    class="container"
  >
    <button>
      Search
    </button>
  </div>
</DocumentFragment>
`;
