// Jest Snapshot v1, https://goo.gl/fbAQLP

exports[`Test for DropDown Component snapshot DropDown component 1`] = `
<DocumentFragment>
  <input
    class="resultBox"
    id="handling"
    name="result"
    type="text"
  />
</DocumentFragment>
`;
